.\gradlew : WARNING: A restricted method in java
.lang.System has been called
所在位置 行:1 字符: 1
+ .\gradlew compileJava > compile_output.txt 2>&
1; Get-Content compile_ ...
+ ~~~~~~~~~~~~~~~~~~~~~~~~~~~~~~~~~~~~~~~~~~~~~~
~
    + CategoryInfo          : NotSpecified: (WA 
   RNING: A rest...has been called:String) [],  
   RemoteException
    + FullyQualifiedErrorId : NativeCommandErro 
   r
 
WARNING: java.lang.System::load has been called 
by net.rubygrapefruit.platform.internal.NativeLi
braryLoader in an unnamed module (file:/C:/Users
/OOPS/.gradle/wrapper/dists/gradle-9.2.0-bin/11i
5gvueggl8a5cioxuftxrik/gradle-9.2.0/lib/native-p
latform-0.22-milestone-29.jar)
WARNING: Use --enable-native-access=ALL-UNNAMED 
to avoid a warning for callers in this module
WARNING: Restricted methods will be blocked in a
 future release unless native access is enabled


> Configure project :
Fabric Loom: 1.14.10

> Task :compileJava FAILED
D:\MP\masterplanner\src\main\java\com\masterplan
ner\ui\imgui\GuiOverlayRenderer.java:8: 閿欒: 鎵句笉
鍒扮鍙?import net.minecraft.client.gui.screen.inga
me.InventoryMenu;
                                             ^
  绗﹀彿:   绫?InventoryMenu
  浣嶇疆: 绋嬪簭鍖?net.minecraft.client.gui.screen.inga
me
D:\MP\masterplanner\src\main\java\com\masterplan
ner\ui\imgui\GuiOverlayRenderer.java:129: 閿欒: 鎵
句笉鍒扮鍙?                RenderSystem.enableDepthT
est();
                            ^
  绗﹀彿:   鏂规硶 enableDepthTest()
  浣嶇疆: 绫?RenderSystem
D:\MP\masterplanner\src\main\java\com\masterplan
ner\ui\imgui\GuiOverlayRenderer.java:132: 閿欒: 鎵
句笉鍒扮鍙?                RenderSystem.enableBlend(
);

[Incubating] Problems report is available at: file:///D:/MP/masterplanner/build/reports/problems/problems-report.html

Deprecated Gradle features were used in this build, making it incompatible with Gradle 10.

You can use '--warning-mode all' to show the individual deprecation warnings and determine if they come from your own scripts or plugins.

For more on this, please refer to https://docs.gradle.org/9.2.0/userguide/command_line_interface.html#sec:command_line_warnings in the Gradle documentation.
1 actionable task: 1 executed
                            ^
  绗﹀彿:   鏂规硶 enableBlend()
  浣嶇疆: 绫?RenderSystem
D:\MP\masterplanner\src\main\java\com\masterplan
ner\ui\imgui\GuiOverlayRenderer.java:133: 閿欒: 鎵
句笉鍒扮鍙?                RenderSystem.defaultBlend
Func();
                            ^
  绗﹀彿:   鏂规硶 defaultBlendFunc()
  浣嶇疆: 绫?RenderSystem
D:\MP\masterplanner\src\main\java\com\masterplan
ner\ui\imgui\GuiOverlayRenderer.java:137: 閿欒: 鎵
句笉鍒扮鍙?                RenderSystem.setShaderTex
ture(0, InventoryMenu.BLOCK_ATLAS);
                                                
 ^
  绗﹀彿:   鍙橀噺 InventoryMenu
  浣嶇疆: 绫?GuiOverlayRenderer
5 涓敊璇?

FAILURE: Build failed with an exception.

* What went wrong:
Execution failed for task ':compileJava'.
> Compilation failed; see the compiler output be
low.
  D:\MP\masterplanner\src\main\java\com\masterpl
anner\ui\imgui\GuiOverlayRenderer.java:8: 閿欒: 鎵
句笉鍒扮鍙?  import net.minecraft.client.gui.screen.
ingame.InventoryMenu;
                                               ^
    绗﹀彿:   绫?InventoryMenu
    浣嶇疆: 绋嬪簭鍖?net.minecraft.client.gui.screen.in
game
  D:\MP\masterplanner\src\main\java\com\masterpl
anner\ui\imgui\GuiOverlayRenderer.java:137: 閿欒:
 鎵句笉鍒扮鍙?                  RenderSystem.setShade
rTexture(0, InventoryMenu.BLOCK_ATLAS);
                                                
   ^
    绗﹀彿:   鍙橀噺 InventoryMenu
    浣嶇疆: 绫?GuiOverlayRenderer
  D:\MP\masterplanner\src\main\java\com\masterpl
anner\ui\imgui\GuiOverlayRenderer.java:129: 閿欒:
 鎵句笉鍒扮鍙?                  RenderSystem.enableDe
pthTest();
                              ^
    绗﹀彿:   鏂规硶 enableDepthTest()
    浣嶇疆: 绫?RenderSystem
  D:\MP\masterplanner\src\main\java\com\masterpl
anner\ui\imgui\GuiOverlayRenderer.java:132: 閿欒:
 鎵句笉鍒扮鍙?                  RenderSystem.enableBl
end();
                              ^
    绗﹀彿:   鏂规硶 enableBlend()
    浣嶇疆: 绫?RenderSystem
  D:\MP\masterplanner\src\main\java\com\masterpl
anner\ui\imgui\GuiOverlayRenderer.java:133: 閿欒:
 鎵句笉鍒扮鍙?                  RenderSystem.defaultB
lendFunc();
                              ^
    绗﹀彿:   鏂规硶 defaultBlendFunc()
    浣嶇疆: 绫?RenderSystem
  5 涓敊璇?

* Try:
> Check your code and dependencies to fix the co
mpilation error(s)
> Run with --scan to generate a Build Scan (powe
red by Develocity).

BUILD FAILED in 2s
