
> Configure project :
Fabric Loom: 1.15.5

> Task :compileJava UP-TO-DATE
> Task :processResources UP-TO-DATE
> Task :classes UP-TO-DATE

> Task :compileTestJava FAILED
D:\development\PL\plot\src\test\java\com\plot\plugin\config\EarthworkConfigTest.java:53: 璀﹀憡: [deprecation] EarthworkConfig涓殑getTargetElevation()宸茶繃鏃?        assertEquals(0.0f, config.getTargetElevation());
                                 ^
D:\development\PL\plot\src\test\java\com\plot\plugin\config\EarthworkConfigTest.java:54: 璀﹀憡: [deprecation] EarthworkConfig涓殑getCutVolume()宸茶繃鏃?        assertEquals(0.0f, config.getCutVolume());
                                 ^
D:\development\PL\plot\src\test\java\com\plot\plugin\config\EarthworkConfigTest.java:55: 璀﹀憡: [deprecation] EarthworkConfig涓殑getFillVolume()宸茶繃鏃?        assertEquals(0.0f, config.getFillVolume());
                                 ^
D:\development\PL\plot\src\test\java\com\plot\plugin\config\EarthworkConfigTest.java:62: 璀﹀憡: [deprecation] EarthworkConfig涓殑setCutVolume(float)宸茶繃鏃?        config.setCutVolume(999f);
              ^
D:\development\PL\plot\src\test\java\com\plot\plugin\config\EarthworkConfigTest.java:63: 璀﹀憡: [deprecation] EarthworkConfig涓殑setFillVolume(float)宸茶繃鏃?        config.setFillVolume(888f);
              ^
D:\development\PL\plot\src\test\java\com\plot\plugin\config\EarthworkConfigTest.java:64: 璀﹀憡: [deprecation] EarthworkConfig涓殑setTargetElevation(float)宸茶繃鏃?        config.setTargetElevation(12f);
              ^
D:\development\PL\plot\src\test\java\com\plot\plugin\earthwork\EarthworkTestFixtures.java:107: 璀﹀憡: [deprecation] CompositionPolicy涓殑BALANCE_SCOPE_PER_ZONE宸茶繃鏃?        site.getCompositionPolicy().setBalanceScope(CompositionPolicy.BALANCE_SCOPE_PER_ZONE);
                                                                     ^
D:\development\PL\plot\src\test\java\com\plot\plugin\earthwork\DesignTerrainComposerTest.java:68: 璀﹀憡: [deprecation] CompositionPolicy涓殑BALANCE_SCOPE_PER_ZONE宸茶繃鏃?        site.getCompositionPolicy().setBalanceScope(CompositionPolicy.BALANCE_SCOPE_PER_ZONE);
                                                                     ^
D:\development\PL\plot\src\test\java\com\plot\plugin\earthwork\DesignTerrainComposerTest.java:161: 璀﹀憡: [deprecation] CompositionPolicy涓殑BALANCE_SCOPE_PER_ZONE宸茶繃鏃?        site.getCompositionPolicy().setBalanceScope(CompositionPolicy.BALANCE_SCOPE_PER_ZONE);
                                                                     ^
D:\development\PL\plot\src\test\java\com\plot\plugin\earthwork\DesignTerrainComposerTest.java:176: 璀﹀憡: [deprecation] CompositionPolicy涓殑BALANCE_SCOPE_SITE_WIDE宸茶繃鏃?        site.getCompositionPolicy().setBalanceScope(CompositionPolicy.BALANCE_SCOPE_SITE_WIDE);
                                                                     ^
D:\development\PL\plot\src\test\java\com\plot\plugin\earthwork\DesignTerrainComposerTest.java:177: 璀﹀憡: [deprecation] CompositionPolicy涓殑BALANCE_METHOD_EARTHWORK_OPTIMIZATION宸茶繃鏃?        site.getCompositionPolicy().setBalanceMethod(CompositionPolicy.BALANCE_METHOD_EARTHWORK_OPTIMIZATION);
                                                                      ^
D:\development\PL\plot\src\test\java\com\plot\plugin\earthwork\DesignTerrainComposerTest.java:177: 璀﹀憡: [deprecation] CompositionPolicy涓殑setBalanceMethod(String)宸茶繃鏃?        site.getCompositionPolicy().setBalanceMethod(CompositionPolicy.BALANCE_METHOD_EARTHWORK_OPTIMIZATION);
                                   ^
D:\development\PL\plot\src\test\java\com\plot\plugin\earthwork\DesignTerrainComposerTest.java:208: 璀﹀憡: [deprecation] CompositionPolicy涓殑BALANCE_SCOPE_SITE_WIDE宸茶繃鏃?        site.getCompositionPolicy().setBalanceScope(CompositionPolicy.BALANCE_SCOPE_SITE_WIDE);
                                                                     ^
D:\development\PL\plot\src\test\java\com\plot\plugin\earthwork\DesignTerrainComposerTest.java:209: 璀﹀憡: [deprecation] CompositionPolicy涓殑BALANCE_METHOD_NONE宸茶繃鏃?        site.getCompositionPolicy().setBalanceMethod(CompositionPolicy.BALANCE_METHOD_NONE);
                                                                      ^
D:\development\PL\plot\src\test\java\com\plot\plugin\earthwork\DesignTerrainComposerTest.java:209: 璀﹀憡: [deprecation] CompositionPolicy涓殑setBalanceMethod(String)宸茶繃鏃?        site.getCompositionPolicy().setBalanceMethod(CompositionPolicy.BALANCE_METHOD_NONE);
                                   ^
D:\development\PL\plot\src\test\java\com\plot\plugin\earthwork\DesignTerrainComposerTest.java:236: 璀﹀憡: [deprecation] CompositionPolicy涓殑BALANCE_SCOPE_SITE_WIDE宸茶繃鏃?        site.getCompositionPolicy().setBalanceScope(CompositionPolicy.BALANCE_SCOPE_SITE_WIDE);
                                                                     ^
D:\development\PL\plot\src\test\java\com\plot\plugin\earthwork\DesignTerrainComposerTest.java:237: 璀﹀憡: [deprecation] CompositionPolicy涓殑BALANCE_METHOD_UNIFORM宸茶繃鏃?        site.getCompositionPolicy().setBalanceMethod(CompositionPolicy.BALANCE_METHOD_UNIFORM);
                                                                      ^
D:\development\PL\plot\src\test\java\com\plot\plugin\earthwork\DesignTerrainComposerTest.java:237: 璀﹀憡: [deprecation] CompositionPolicy涓殑setBalanceMethod(String)宸茶繃鏃?        site.getCompositionPolicy().setBalanceMethod(CompositionPolicy.BALANCE_METHOD_UNIFORM);
                                   ^
D:\development\PL\plot\src\test\java\com\plot\plugin\earthwork\DesignTerrainComposerTest.java:265: 璀﹀憡: [deprecation] CompositionPolicy涓殑BALANCE_SCOPE_PER_ZONE宸茶繃鏃?        site.getCompositionPolicy().setBalanceScope(CompositionPolicy.BALANCE_SCOPE_PER_ZONE);
                                                                     ^
D:\development\PL\plot\src\test\java\com\plot\plugin\earthwork\DesignTerrainComposerTest.java:320: 璀﹀憡: [deprecation] CompositionPolicy涓殑BALANCE_SCOPE_SITE_WIDE宸茶繃鏃?        site.getCompositionPolicy().setBalanceScope(CompositionPolicy.BALANCE_SCOPE_SITE_WIDE);
                                                                     ^
D:\development\PL\plot\src\test\java\com\plot\plugin\earthwork\DesignTerrainComposerTest.java:321: 璀﹀憡: [deprecation] CompositionPolicy涓殑BALANCE_METHOD_UNIFORM宸茶繃鏃?        site.getCompositionPolicy().setBalanceMethod(CompositionPolicy.BALANCE_METHOD_UNIFORM);
                                                                      ^
D:\development\PL\plot\src\test\java\com\plot\plugin\earthwork\DesignTerrainComposerTest.java:321: 璀﹀憡: [deprecation] CompositionPolicy涓殑setBalanceMethod(String)宸茶繃鏃?        site.getCompositionPolicy().setBalanceMethod(CompositionPolicy.BALANCE_METHOD_UNIFORM);
                                   ^
D:\development\PL\plot\src\test\java\com\plot\plugin\earthwork\DesignTerrainComposerTest.java:362: 璀﹀憡: [deprecation] CompositionPolicy涓殑BALANCE_SCOPE_SITE_WIDE宸茶繃鏃?        site.getCompositionPolicy().setBalanceScope(CompositionPolicy.BALANCE_SCOPE_SITE_WIDE);
                                                                     ^
D:\development\PL\plot\src\test\java\com\plot\plugin\earthwork\DesignTerrainComposerTest.java:363: 璀﹀憡: [deprecation] CompositionPolicy涓殑BALANCE_METHOD_UNIFORM宸茶繃鏃?        site.getCompositionPolicy().setBalanceMethod(CompositionPolicy.BALANCE_METHOD_UNIFORM);
                                                                      ^
D:\development\PL\plot\src\test\java\com\plot\plugin\earthwork\DesignTerrainComposerTest.java:363: 璀﹀憡: [deprecation] CompositionPolicy涓殑setBalanceMethod(String)宸茶繃鏃?        site.getCompositionPolicy().setBalanceMethod(CompositionPolicy.BALANCE_METHOD_UNIFORM);
                                   ^
D:\development\PL\plot\src\test\java\com\plot\plugin\earthwork\DesignTerrainComposerTest.java:400: 璀﹀憡: [deprecation] CompositionPolicy涓殑BALANCE_SCOPE_PER_ZONE宸茶繃鏃?        perZone.getCompositionPolicy().setBalanceScope(CompositionPolicy.BALANCE_SCOPE_PER_ZONE);
                                                                        ^
D:\development\PL\plot\src\test\java\com\plot\plugin\earthwork\DesignTerrainComposerTest.java:406: 璀﹀憡: [deprecation] CompositionPolicy涓殑BALANCE_SCOPE_SITE_WIDE宸茶繃鏃?        siteWide.getCompositionPolicy().setBalanceScope(CompositionPolicy.BALANCE_SCOPE_SITE_WIDE);
                                                                         ^
D:\development\PL\plot\src\test\java\com\plot\plugin\earthwork\DesignTerrainComposerTest.java:407: 璀﹀憡: [deprecation] CompositionPolicy涓殑BALANCE_METHOD_UNIFORM宸茶繃鏃?        siteWide.getCompositionPolicy().setBalanceMethod(CompositionPolicy.BALANCE_METHOD_UNIFORM);
                                                                          ^
D:\development\PL\plot\src\test\java\com\plot\plugin\earthwork\DesignTerrainComposerTest.java:407: 璀﹀憡: [deprecation] CompositionPolicy涓殑setBalanceMethod(String)宸茶繃鏃?        siteWide.getCompositionPolicy().setBalanceMethod(CompositionPolicy.BALANCE_METHOD_UNIFORM);
                                       ^
D:\development\PL\plot\src\test\java\com\plot\plugin\earthwork\DesignTerrainComposerTest.java:443: 璀﹀憡: [deprecation] CompositionPolicy涓殑BALANCE_SCOPE_SITE_WIDE宸茶繃鏃?        site.getCompositionPolicy().setBalanceScope(CompositionPolicy.BALANCE_SCOPE_SITE_WIDE);
                                                                     ^
D:\development\PL\plot\src\test\java\com\plot\plugin\earthwork\DesignTerrainComposerTest.java:444: 璀﹀憡: [deprecation] CompositionPolicy涓殑BALANCE_METHOD_UNIFORM宸茶繃鏃?        site.getCompositionPolicy().setBalanceMethod(CompositionPolicy.BALANCE_METHOD_UNIFORM);
                                                                      ^
D:\development\PL\plot\src\test\java\com\plot\plugin\earthwork\DesignTerrainComposerTest.java:444: 璀﹀憡: [deprecation] CompositionPolicy涓殑setBalanceMethod(String)宸茶繃鏃?        site.getCompositionPolicy().setBalanceMethod(CompositionPolicy.BALANCE_METHOD_UNIFORM);
                                   ^
D:\development\PL\plot\src\test\java\com\plot\plugin\earthwork\DesignTerrainComposerTest.java:465: 璀﹀憡: [deprecation] CompositionPolicy涓殑BALANCE_SCOPE_SITE_WIDE宸茶繃鏃?        site.getCompositionPolicy().setBalanceScope(CompositionPolicy.BALANCE_SCOPE_SITE_WIDE);
                                                                     ^
D:\development\PL\plot\src\test\java\com\plot\plugin\earthwork\DesignTerrainComposerTest.java:466: 璀﹀憡: [deprecation] CompositionPolicy涓殑BALANCE_METHOD_UNIFORM宸茶繃鏃?        site.getCompositionPolicy().setBalanceMethod(CompositionPolicy.BALANCE_METHOD_UNIFORM);
                                                                      ^
D:\development\PL\plot\src\test\java\com\plot\plugin\earthwork\DesignTerrainComposerTest.java:466: 璀﹀憡: [deprecation] CompositionPolicy涓殑setBalanceMethod(String)宸茶繃鏃?        site.getCompositionPolicy().setBalanceMethod(CompositionPolicy.BALANCE_METHOD_UNIFORM);
                                   ^
D:\development\PL\plot\src\test\java\com\plot\plugin\earthwork\DesignTerrainComposerTest.java:500: 璀﹀憡: [deprecation] CompositionPolicy涓殑BALANCE_SCOPE_SITE_WIDE宸茶繃鏃?        site.getCompositionPolicy().setBalanceScope(CompositionPolicy.BALANCE_SCOPE_SITE_WIDE);
                                                                     ^
D:\development\PL\plot\src\test\java\com\plot\plugin\earthwork\DesignTerrainComposerTest.java:501: 璀﹀憡: [deprecation] CompositionPolicy涓殑BALANCE_METHOD_UNIFORM宸茶繃鏃?        site.getCompositionPolicy().setBalanceMethod(CompositionPolicy.BALANCE_METHOD_UNIFORM);
                                                                      ^
D:\development\PL\plot\src\test\java\com\plot\plugin\earthwork\DesignTerrainComposerTest.java:501: 璀﹀憡: [deprecation] CompositionPolicy涓殑setBalanceMethod(String)宸茶繃鏃?        site.getCompositionPolicy().setBalanceMethod(CompositionPolicy.BALANCE_METHOD_UNIFORM);
                                   ^
D:\development\PL\plot\src\test\java\com\plot\plugin\earthwork\DesignTerrainComposerTest.java:542: 璀﹀憡: [deprecation] CompositionPolicy涓殑BALANCE_SCOPE_PER_ZONE宸茶繃鏃?        site.getCompositionPolicy().setBalanceScope(CompositionPolicy.BALANCE_SCOPE_PER_ZONE);
                                                                     ^
D:\development\PL\plot\src\test\java\com\plot\plugin\earthwork\EarthworkAnalyticalBenchmarkTest.java:178: 璀﹀憡: [deprecation] CompositionPolicy涓殑BALANCE_SCOPE_PER_ZONE宸茶繃鏃?    site.getCompositionPolicy().setBalanceScope(CompositionPolicy.BALANCE_SCOPE_PER_ZONE);
                                                                 ^
D:\development\PL\plot\src\test\java\com\plot\plugin\earthwork\EarthworkValidatorTest.java:170: 璀﹀憡: [deprecation] CompositionPolicy涓殑BALANCE_SCOPE_SITE_WIDE宸茶繃鏃?        policy.setBalanceScope(CompositionPolicy.BALANCE_SCOPE_SITE_WIDE);
                                                ^
D:\development\PL\plot\src\test\java\com\plot\plugin\earthwork\EarthworkValidatorTest.java:171: 璀﹀憡: [deprecation] CompositionPolicy涓殑BALANCE_METHOD_UNIFORM宸茶繃鏃?        policy.setBalanceMethod(CompositionPolicy.BALANCE_METHOD_UNIFORM);
                                                 ^
D:\development\PL\plot\src\test\java\com\plot\plugin\earthwork\EarthworkValidatorTest.java:171: 璀﹀憡: [deprecation] CompositionPolicy涓殑setBalanceMethod(String)宸茶繃鏃?        policy.setBalanceMethod(CompositionPolicy.BALANCE_METHOD_UNIFORM);
              ^
D:\development\PL\plot\src\test\java\com\plot\plugin\earthwork\EarthworkValidatorTest.java:193: 璀﹀憡: [deprecation] CompositionPolicy涓殑BALANCE_SCOPE_SITE_WIDE宸茶繃鏃?        policy.setBalanceScope(CompositionPolicy.BALANCE_SCOPE_SITE_WIDE);
                                                ^
D:\development\PL\plot\src\test\java\com\plot\plugin\earthwork\EarthworkValidatorTest.java:194: 璀﹀憡: [deprecation] CompositionPolicy涓殑BALANCE_METHOD_EARTHWORK_OPTIMIZATION宸茶繃鏃?        policy.setBalanceMethod(CompositionPolicy.BALANCE_METHOD_EARTHWORK_OPTIMIZATION);
                                                 ^
D:\development\PL\plot\src\test\java\com\plot\plugin\earthwork\EarthworkValidatorTest.java:194: 璀﹀憡: [deprecation] CompositionPolicy涓殑setBalanceMethod(String)宸茶繃鏃?        policy.setBalanceMethod(CompositionPolicy.BALANCE_METHOD_EARTHWORK_OPTIMIZATION);
              ^
D:\development\PL\plot\src\test\java\com\plot\plugin\earthwork\model\CompositionPolicyBalanceSemanticsTest.java:37: 璀﹀憡: [deprecation] CompositionPolicy涓殑setBalanceMethod(String)宸茶繃鏃?        policy.setBalanceMethod("UNIFORM_OFFSET");
              ^
D:\development\PL\plot\src\test\java\com\plot\plugin\earthwork\model\CompositionPolicyBalanceSemanticsTest.java:49: 璀﹀憡: [deprecation] CompositionPolicy涓殑setBalanceMethod(String)宸茶繃鏃?        policy.setBalanceMethod("ZONE_ALLOCATION");
              ^
D:\development\PL\plot\src\test\java\com\plot\plugin\earthwork\PhaseDCompositionTest.java:81: 璀﹀憡: [deprecation] CompositionPolicy涓殑BALANCE_SCOPE_PER_ZONE宸茶繃鏃?        site.getCompositionPolicy().setBalanceScope(CompositionPolicy.BALANCE_SCOPE_PER_ZONE);
                                                                     ^
D:\development\PL\plot\src\test\java\com\plot\plugin\earthwork\PhaseDCompositionTest.java:136: 璀﹀憡: [deprecation] CompositionPolicy涓殑BALANCE_SCOPE_PER_ZONE宸茶繃鏃?        policy.setBalanceScope(CompositionPolicy.BALANCE_SCOPE_PER_ZONE);
                                                ^
D:\development\PL\plot\src\test\java\com\plot\plugin\earthwork\PhaseDPlusCompositionTest.java:123: 璀﹀憡: [deprecation] CompositionPolicy涓殑BALANCE_SCOPE_PER_ZONE宸茶繃鏃?        site.getCompositionPolicy().setBalanceScope(CompositionPolicy.BALANCE_SCOPE_PER_ZONE);
                                                                     ^
D:\development\PL\plot\src\test\java\com\plot\plugin\powerline\PowerPoleLayoutUtilsTest.java:15: 閿欒: 鎵句笉鍒扮鍙?        List<Vec2d> path = List.of(new Vec2d(0, 0), new Vec2d(100, 0));
             ^
  绗﹀彿:   绫?Vec2d
  浣嶇疆: 绫?PowerPoleLayoutUtilsTest
D:\development\PL\plot\src\test\java\com\plot\plugin\powerline\PowerPoleLayoutUtilsTest.java:15: 閿欒: 鎵句笉鍒扮鍙?        List<Vec2d> path = List.of(new Vec2d(0, 0), new Vec2d(100, 0));
                                       ^
  绗﹀彿:   绫?Vec2d
  浣嶇疆: 绫?PowerPoleLayoutUtilsTest
D:\development\PL\plot\src\test\java\com\plot\plugin\powerline\PowerPoleLayoutUtilsTest.java:15: 閿欒: 鎵句笉鍒扮鍙?        List<Vec2d> path = List.of(new Vec2d(0, 0), new Vec2d(100, 0));
                                                        ^
  绗﹀彿:   绫?Vec2d
  浣嶇疆: 绫?PowerPoleLayoutUtilsTest
D:\development\PL\plot\src\test\java\com\plot\plugin\powerline\PowerPoleLayoutUtilsTest.java:16: 閿欒: 鎵句笉鍒扮鍙?        List<Vec2d> poles = PowerPoleLayoutUtils.computePolePositions(
             ^
  绗﹀彿:   绫?Vec2d
  浣嶇疆: 绫?PowerPoleLayoutUtilsTest
D:\development\PL\plot\src\test\java\com\plot\plugin\powerline\PowerPoleLayoutUtilsTest.java:31: 閿欒: 鎵句笉鍒扮鍙?        List<Vec2d> path = List.of(
             ^
  绗﹀彿:   绫?Vec2d
  浣嶇疆: 绫?PowerPoleLayoutUtilsTest
D:\development\PL\plot\src\test\java\com\plot\plugin\powerline\PowerPoleLayoutUtilsTest.java:32: 閿欒: 鎵句笉鍒扮鍙?            new Vec2d(0, 0),
                ^
  绗﹀彿:   绫?Vec2d
  浣嶇疆: 绫?PowerPoleLayoutUtilsTest
D:\development\PL\plot\src\test\java\com\plot\plugin\powerline\PowerPoleLayoutUtilsTest.java:33: 閿欒: 鎵句笉鍒扮鍙?            new Vec2d(10, 0),
                ^
  绗﹀彿:   绫?Vec2d
  浣嶇疆: 绫?PowerPoleLayoutUtilsTest
D:\development\PL\plot\src\test\java\com\plot\plugin\powerline\PowerPoleLayoutUtilsTest.java:34: 閿欒: 鎵句笉鍒扮鍙?            new Vec2d(10, 10));
                ^
  绗﹀彿:   绫?Vec2d
  浣嶇疆: 绫?PowerPoleLayoutUtilsTest
D:\development\PL\plot\src\test\java\com\plot\plugin\powerline\PowerPoleLayoutUtilsTest.java:35: 閿欒: 鎵句笉鍒扮鍙?        List<Vec2d> poles = PowerPoleLayoutUtils.computePolePositions(
             ^
  绗﹀彿:   绫?Vec2d
  浣嶇疆: 绫?PowerPoleLayoutUtilsTest
D:\development\PL\plot\src\test\java\com\plot\plugin\powerline\PowerPoleLayoutUtilsTest.java:45: 閿欒: 鎵句笉鍒扮鍙?        List<Vec2d> path = List.of(
             ^
  绗﹀彿:   绫?Vec2d
  浣嶇疆: 绫?PowerPoleLayoutUtilsTest
D:\development\PL\plot\src\test\java\com\plot\plugin\powerline\PowerPoleLayoutUtilsTest.java:46: 閿欒: 鎵句笉鍒扮鍙?            new Vec2d(0, 0),
                ^
  绗﹀彿:   绫?Vec2d
  浣嶇疆: 绫?PowerPoleLayoutUtilsTest
D:\development\PL\plot\src\test\java\com\plot\plugin\powerline\PowerPoleLayoutUtilsTest.java:47: 閿欒: 鎵句笉鍒扮鍙?            new Vec2d(5, 0),
                ^
  绗﹀彿:   绫?Vec2d
  浣嶇疆: 绫?PowerPoleLayoutUtilsTest
D:\development\PL\plot\src\test\java\com\plot\plugin\powerline\PowerPoleLayoutUtilsTest.java:48: 閿欒: 鎵句笉鍒扮鍙?            new Vec2d(5, 5),
                ^
  绗﹀彿:   绫?Vec2d
  浣嶇疆: 绫?PowerPoleLayoutUtilsTest
D:\development\PL\plot\src\test\java\com\plot\plugin\powerline\PowerPoleLayoutUtilsTest.java:49: 閿欒: 鎵句笉鍒扮鍙?            new Vec2d(0, 5));
                ^
  绗﹀彿:   绫?Vec2d
  浣嶇疆: 绫?PowerPoleLayoutUtilsTest
D:\development\PL\plot\src\test\java\com\plot\plugin\powerline\PowerPoleLayoutUtilsTest.java:50: 閿欒: 鎵句笉鍒扮鍙?        List<Vec2d> poles = PowerPoleLayoutUtils.computePolePositions(
             ^
  绗﹀彿:   绫?Vec2d
  浣嶇疆: 绫?PowerPoleLayoutUtilsTest
D:\development\PL\plot\src\test\java\com\plot\plugin\powerline\PowerPoleLayoutUtilsTest.java:59: 閿欒: 鎵句笉鍒扮鍙?        List<Vec2d> path = List.of(
             ^
  绗﹀彿:   绫?Vec2d
  浣嶇疆: 绫?PowerPoleLayoutUtilsTest
D:\development\PL\plot\src\test\java\com\plot\plugin\powerline\PowerPoleLayoutUtilsTest.java:60: 閿欒: 鎵句笉鍒扮鍙?            new Vec2d(0, 0),
                ^
  绗﹀彿:   绫?Vec2d
  浣嶇疆: 绫?PowerPoleLayoutUtilsTest
D:\development\PL\plot\src\test\java\com\plot\plugin\powerline\PowerPoleLayoutUtilsTest.java:61: 閿欒: 鎵句笉鍒扮鍙?            new Vec2d(10, 0),
                ^
  绗﹀彿:   绫?Vec2d
  浣嶇疆: 绫?PowerPoleLayoutUtilsTest
D:\development\PL\plot\src\test\java\com\plot\plugin\powerline\PowerPoleLayoutUtilsTest.java:62: 閿欒: 鎵句笉鍒扮鍙?            new Vec2d(10, 10));
                ^
  绗﹀彿:   绫?Vec2d
  浣嶇疆: 绫?PowerPoleLayoutUtilsTest
D:\development\PL\plot\src\test\java\com\plot\plugin\powerline\PowerPoleLayoutUtilsTest.java:63: 閿欒: 鎵句笉鍒扮鍙?        List<Vec2d> mandatory = PowerPoleLayoutUtils.mandatoryPolePoints(path, 5.0);
             ^
  绗﹀彿:   绫?Vec2d
  浣嶇疆: 绫?PowerPoleLayoutUtilsTest
D:\development\PL\plot\src\test\java\com\plot\plugin\powerline\PowerPoleLayoutUtilsTest.java:72: 閿欒: 鎵句笉鍒扮鍙?        List<Vec2d> path = List.of(
             ^
  绗﹀彿:   绫?Vec2d
  浣嶇疆: 绫?PowerPoleLayoutUtilsTest
D:\development\PL\plot\src\test\java\com\plot\plugin\powerline\PowerPoleLayoutUtilsTest.java:73: 閿欒: 鎵句笉鍒扮鍙?            new Vec2d(0, 0),
                ^
  绗﹀彿:   绫?Vec2d
  浣嶇疆: 绫?PowerPoleLayoutUtilsTest
D:\development\PL\plot\src\test\java\com\plot\plugin\powerline\PowerPoleLayoutUtilsTest.java:74: 閿欒: 鎵句笉鍒扮鍙?            new Vec2d(10, 0),
                ^
  绗﹀彿:   绫?Vec2d
  浣嶇疆: 绫?PowerPoleLayoutUtilsTest
D:\development\PL\plot\src\test\java\com\plot\plugin\powerline\PowerPoleLayoutUtilsTest.java:75: 閿欒: 鎵句笉鍒扮鍙?            new Vec2d(10, 10));
                ^
  绗﹀彿:   绫?Vec2d
  浣嶇疆: 绫?PowerPoleLayoutUtilsTest
D:\development\PL\plot\src\test\java\com\plot\plugin\powerline\PowerPoleLayoutUtilsTest.java:76: 閿欒: 鎵句笉鍒扮鍙?        List<Vec2d> mandatory = PowerPoleLayoutUtils.mandatoryPolePoints(path, 5.0);
             ^
  绗﹀彿:   绫?Vec2d
  浣嶇疆: 绫?PowerPoleLayoutUtilsTest
D:\development\PL\plot\src\test\java\com\plot\plugin\powerline\PowerPoleLayoutUtilsTest.java:80: 閿欒: 鎵句笉鍒扮鍙?        for (Vec2d point : mandatory) {
             ^
  绗﹀彿:   绫?Vec2d
  浣嶇疆: 绫?PowerPoleLayoutUtilsTest
D:\development\PL\plot\src\test\java\com\plot\plugin\powerline\style\PowerLineStylePresetTest.java:56: 璀﹀憡: [deprecation] PowerLineStylePreset涓殑getConductorLayout()宸茶繃鏃?        assertEquals(PowerLineStylePreset.ConductorLayout.SINGLE, detected.getConductorLayout());
                                                                          ^
D:\development\PL\plot\src\test\java\com\plot\plugin\powerline\style\PowerLineStylePresetTest.java:63: 璀﹀憡: [deprecation] PowerLineStylePreset涓殑getConductorLayout()宸茶繃鏃?        assertEquals(PowerLineStylePreset.ConductorLayout.THREE_PHASE_HORIZONTAL, preset.getConductorLayout());
                                                                                        ^
26 涓敊璇?
53 涓鍛?


[Incubating] Problems report is available at: file:///D:/development/PL/plot/build/reports/problems/problems-report.html
FAILURE: Build failed with an exception.

* What went wrong:
Execution failed for task ':compileTestJava'.
> Compilation failed; see the compiler output below.
  D:\development\PL\plot\src\test\java\com\plot\plugin\config\EarthworkConfigTest.java:53: 璀﹀憡: [deprecation] EarthworkConfig涓殑getTargetElevation()宸茶繃鏃?          assertEquals(0.0f, config.getTargetElevation());
                                   ^
  D:\development\PL\plot\src\test\java\com\plot\plugin\config\EarthworkConfigTest.java:54: 璀﹀憡: [deprecation] EarthworkConfig涓殑getCutVolume()宸茶繃鏃?          assertEquals(0.0f, config.getCutVolume());
                                   ^
  D:\development\PL\plot\src\test\java\com\plot\plugin\config\EarthworkConfigTest.java:55: 璀﹀憡: [deprecation] EarthworkConfig涓殑getFillVolume()宸茶繃鏃?          assertEquals(0.0f, config.getFillVolume());
                                   ^
  D:\development\PL\plot\src\test\java\com\plot\plugin\config\EarthworkConfigTest.java:62: 璀﹀憡: [deprecation] EarthworkConfig涓殑setCutVolume(float)宸茶繃鏃?          config.setCutVolume(999f);
                ^
  D:\development\PL\plot\src\test\java\com\plot\plugin\config\EarthworkConfigTest.java:63: 璀﹀憡: [deprecation] EarthworkConfig涓殑setFillVolume(float)宸茶繃鏃?          config.setFillVolume(888f);
                ^
  D:\development\PL\plot\src\test\java\com\plot\plugin\config\EarthworkConfigTest.java:64: 璀﹀憡: [deprecation] EarthworkConfig涓殑setTargetElevation(float)宸茶繃鏃?          config.setTargetElevation(12f);
                ^
  D:\development\PL\plot\src\test\java\com\plot\plugin\earthwork\EarthworkTestFixtures.java:107: 璀﹀憡: [deprecation] CompositionPolicy涓殑BALANCE_SCOPE_PER_ZONE宸茶繃鏃?          site.getCompositionPolicy().setBalanceScope(CompositionPolicy.BALANCE_SCOPE_PER_ZONE);
                                                                       ^
  D:\development\PL\plot\src\test\java\com\plot\plugin\earthwork\DesignTerrainComposerTest.java:68: 璀﹀憡: [deprecation] CompositionPolicy涓殑BALANCE_SCOPE_PER_ZONE宸茶繃鏃?          site.getCompositionPolicy().setBalanceScope(CompositionPolicy.BALANCE_SCOPE_PER_ZONE);
                                                                       ^
  D:\development\PL\plot\src\test\java\com\plot\plugin\earthwork\DesignTerrainComposerTest.java:161: 璀﹀憡: [deprecation] CompositionPolicy涓殑BALANCE_SCOPE_PER_ZONE宸茶繃鏃?          site.getCompositionPolicy().setBalanceScope(CompositionPolicy.BALANCE_SCOPE_PER_ZONE);
                                                                       ^
  D:\development\PL\plot\src\test\java\com\plot\plugin\earthwork\DesignTerrainComposerTest.java:176: 璀﹀憡: [deprecation] CompositionPolicy涓殑BALANCE_SCOPE_SITE_WIDE宸茶繃鏃?          site.getCompositionPolicy().setBalanceScope(CompositionPolicy.BALANCE_SCOPE_SITE_WIDE);
                                                                       ^
  D:\development\PL\plot\src\test\java\com\plot\plugin\earthwork\DesignTerrainComposerTest.java:177: 璀﹀憡: [deprecation] CompositionPolicy涓殑BALANCE_METHOD_EARTHWORK_OPTIMIZATION宸茶繃鏃?          site.getCompositionPolicy().setBalanceMethod(CompositionPolicy.BALANCE_METHOD_EARTHWORK_OPTIMIZATION);
                                                                        ^
  D:\development\PL\plot\src\test\java\com\plot\plugin\earthwork\DesignTerrainComposerTest.java:177: 璀﹀憡: [deprecation] CompositionPolicy涓殑setBalanceMethod(String)宸茶繃鏃?          site.getCompositionPolicy().setBalanceMethod(CompositionPolicy.BALANCE_METHOD_EARTHWORK_OPTIMIZATION);
                                     ^
  D:\development\PL\plot\src\test\java\com\plot\plugin\earthwork\DesignTerrainComposerTest.java:208: 璀﹀憡: [deprecation] CompositionPolicy涓殑BALANCE_SCOPE_SITE_WIDE宸茶繃鏃?          site.getCompositionPolicy().setBalanceScope(CompositionPolicy.BALANCE_SCOPE_SITE_WIDE);
                                                                       ^
  D:\development\PL\plot\src\test\java\com\plot\plugin\earthwork\DesignTerrainComposerTest.java:209: 璀﹀憡: [deprecation] CompositionPolicy涓殑BALANCE_METHOD_NONE宸茶繃鏃?          site.getCompositionPolicy().setBalanceMethod(CompositionPolicy.BALANCE_METHOD_NONE);
                                                                        ^
  D:\development\PL\plot\src\test\java\com\plot\plugin\earthwork\DesignTerrainComposerTest.java:209: 璀﹀憡: [deprecation] CompositionPolicy涓殑setBalanceMethod(String)宸茶繃鏃?          site.getCompositionPolicy().setBalanceMethod(CompositionPolicy.BALANCE_METHOD_NONE);
                                     ^
  D:\development\PL\plot\src\test\java\com\plot\plugin\earthwork\DesignTerrainComposerTest.java:236: 璀﹀憡: [deprecation] CompositionPolicy涓殑BALANCE_SCOPE_SITE_WIDE宸茶繃鏃?          site.getCompositionPolicy().setBalanceScope(CompositionPolicy.BALANCE_SCOPE_SITE_WIDE);
                                                                       ^
  D:\development\PL\plot\src\test\java\com\plot\plugin\earthwork\DesignTerrainComposerTest.java:237: 璀﹀憡: [deprecation] CompositionPolicy涓殑BALANCE_METHOD_UNIFORM宸茶繃鏃?          site.getCompositionPolicy().setBalanceMethod(CompositionPolicy.BALANCE_METHOD_UNIFORM);
                                                                        ^
  D:\development\PL\plot\src\test\java\com\plot\plugin\earthwork\DesignTerrainComposerTest.java:237: 璀﹀憡: [deprecation] CompositionPolicy涓殑setBalanceMethod(String)宸茶繃鏃?          site.getCompositionPolicy().setBalanceMethod(CompositionPolicy.BALANCE_METHOD_UNIFORM);
                                     ^
  D:\development\PL\plot\src\test\java\com\plot\plugin\earthwork\DesignTerrainComposerTest.java:265: 璀﹀憡: [deprecation] CompositionPolicy涓殑BALANCE_SCOPE_PER_ZONE宸茶繃鏃?          site.getCompositionPolicy().setBalanceScope(CompositionPolicy.BALANCE_SCOPE_PER_ZONE);
                                                                       ^
  D:\development\PL\plot\src\test\java\com\plot\plugin\earthwork\DesignTerrainComposerTest.java:320: 璀﹀憡: [deprecation] CompositionPolicy涓殑BALANCE_SCOPE_SITE_WIDE宸茶繃鏃?          site.getCompositionPolicy().setBalanceScope(CompositionPolicy.BALANCE_SCOPE_SITE_WIDE);
                                                                       ^
  D:\development\PL\plot\src\test\java\com\plot\plugin\earthwork\DesignTerrainComposerTest.java:321: 璀﹀憡: [deprecation] CompositionPolicy涓殑BALANCE_METHOD_UNIFORM宸茶繃鏃?          site.getCompositionPolicy().setBalanceMethod(CompositionPolicy.BALANCE_METHOD_UNIFORM);
                                                                        ^
  D:\development\PL\plot\src\test\java\com\plot\plugin\earthwork\DesignTerrainComposerTest.java:321: 璀﹀憡: [deprecation] CompositionPolicy涓殑setBalanceMethod(String)宸茶繃鏃?          site.getCompositionPolicy().setBalanceMethod(CompositionPolicy.BALANCE_METHOD_UNIFORM);
                                     ^
  D:\development\PL\plot\src\test\java\com\plot\plugin\earthwork\DesignTerrainComposerTest.java:362: 璀﹀憡: [deprecation] CompositionPolicy涓殑BALANCE_SCOPE_SITE_WIDE宸茶繃鏃?          site.getCompositionPolicy().setBalanceScope(CompositionPolicy.BALANCE_SCOPE_SITE_WIDE);
                                                                       ^
  D:\development\PL\plot\src\test\java\com\plot\plugin\earthwork\DesignTerrainComposerTest.java:363: 璀﹀憡: [deprecation] CompositionPolicy涓殑BALANCE_METHOD_UNIFORM宸茶繃鏃?          site.getCompositionPolicy().setBalanceMethod(CompositionPolicy.BALANCE_METHOD_UNIFORM);
                                                                        ^
  D:\development\PL\plot\src\test\java\com\plot\plugin\earthwork\DesignTerrainComposerTest.java:363: 璀﹀憡: [deprecation] CompositionPolicy涓殑setBalanceMethod(String)宸茶繃鏃?          site.getCompositionPolicy().setBalanceMethod(CompositionPolicy.BALANCE_METHOD_UNIFORM);
                                     ^
  D:\development\PL\plot\src\test\java\com\plot\plugin\earthwork\DesignTerrainComposerTest.java:400: 璀﹀憡: [deprecation] CompositionPolicy涓殑BALANCE_SCOPE_PER_ZONE宸茶繃鏃?          perZone.getCompositionPolicy().setBalanceScope(CompositionPolicy.BALANCE_SCOPE_PER_ZONE);
                                                                          ^
  D:\development\PL\plot\src\test\java\com\plot\plugin\earthwork\DesignTerrainComposerTest.java:406: 璀﹀憡: [deprecation] CompositionPolicy涓殑BALANCE_SCOPE_SITE_WIDE宸茶繃鏃?          siteWide.getCompositionPolicy().setBalanceScope(CompositionPolicy.BALANCE_SCOPE_SITE_WIDE);
                                                                           ^
  D:\development\PL\plot\src\test\java\com\plot\plugin\earthwork\DesignTerrainComposerTest.java:407: 璀﹀憡: [deprecation] CompositionPolicy涓殑BALANCE_METHOD_UNIFORM宸茶繃鏃?          siteWide.getCompositionPolicy().setBalanceMethod(CompositionPolicy.BALANCE_METHOD_UNIFORM);
                                                                            ^
  D:\development\PL\plot\src\test\java\com\plot\plugin\earthwork\DesignTerrainComposerTest.java:407: 璀﹀憡: [deprecation] CompositionPolicy涓殑setBalanceMethod(String)宸茶繃鏃?          siteWide.getCompositionPolicy().setBalanceMethod(CompositionPolicy.BALANCE_METHOD_UNIFORM);
                                         ^
  D:\development\PL\plot\src\test\java\com\plot\plugin\earthwork\DesignTerrainComposerTest.java:443: 璀﹀憡: [deprecation] CompositionPolicy涓殑BALANCE_SCOPE_SITE_WIDE宸茶繃鏃?          site.getCompositionPolicy().setBalanceScope(CompositionPolicy.BALANCE_SCOPE_SITE_WIDE);
                                                                       ^
  D:\development\PL\plot\src\test\java\com\plot\plugin\earthwork\DesignTerrainComposerTest.java:444: 璀﹀憡: [deprecation] CompositionPolicy涓殑BALANCE_METHOD_UNIFORM宸茶繃鏃?          site.getCompositionPolicy().setBalanceMethod(CompositionPolicy.BALANCE_METHOD_UNIFORM);
                                                                        ^
  D:\development\PL\plot\src\test\java\com\plot\plugin\earthwork\DesignTerrainComposerTest.java:444: 璀﹀憡: [deprecation] CompositionPolicy涓殑setBalanceMethod(String)宸茶繃鏃?          site.getCompositionPolicy().setBalanceMethod(CompositionPolicy.BALANCE_METHOD_UNIFORM);
                                     ^
  D:\development\PL\plot\src\test\java\com\plot\plugin\earthwork\DesignTerrainComposerTest.java:465: 璀﹀憡: [deprecation] CompositionPolicy涓殑BALANCE_SCOPE_SITE_WIDE宸茶繃鏃?          site.getCompositionPolicy().setBalanceScope(CompositionPolicy.BALANCE_SCOPE_SITE_WIDE);
                                                                       ^
  D:\development\PL\plot\src\test\java\com\plot\plugin\earthwork\DesignTerrainComposerTest.java:466: 璀﹀憡: [deprecation] CompositionPolicy涓殑BALANCE_METHOD_UNIFORM宸茶繃鏃?          site.getCompositionPolicy().setBalanceMethod(CompositionPolicy.BALANCE_METHOD_UNIFORM);
                                                                        ^
  D:\development\PL\plot\src\test\java\com\plot\plugin\earthwork\DesignTerrainComposerTest.java:466: 璀﹀憡: [deprecation] CompositionPolicy涓殑setBalanceMethod(String)宸茶繃鏃?          site.getCompositionPolicy().setBalanceMethod(CompositionPolicy.BALANCE_METHOD_UNIFORM);
                                     ^
  D:\development\PL\plot\src\test\java\com\plot\plugin\earthwork\DesignTerrainComposerTest.java:500: 璀﹀憡: [deprecation] CompositionPolicy涓殑BALANCE_SCOPE_SITE_WIDE宸茶繃鏃?          site.getCompositionPolicy().setBalanceScope(CompositionPolicy.BALANCE_SCOPE_SITE_WIDE);
                                                                       ^
  D:\development\PL\plot\src\test\java\com\plot\plugin\earthwork\DesignTerrainComposerTest.java:501: 璀﹀憡: [deprecation] CompositionPolicy涓殑BALANCE_METHOD_UNIFORM宸茶繃鏃?          site.getCompositionPolicy().setBalanceMethod(CompositionPolicy.BALANCE_METHOD_UNIFORM);
                                                                        ^
  D:\development\PL\plot\src\test\java\com\plot\plugin\earthwork\DesignTerrainComposerTest.java:501: 璀﹀憡: [deprecation] CompositionPolicy涓殑setBalanceMethod(String)宸茶繃鏃?          site.getCompositionPolicy().setBalanceMethod(CompositionPolicy.BALANCE_METHOD_UNIFORM);
                                     ^
  D:\development\PL\plot\src\test\java\com\plot\plugin\earthwork\DesignTerrainComposerTest.java:542: 璀﹀憡: [deprecation] CompositionPolicy涓殑BALANCE_SCOPE_PER_ZONE宸茶繃鏃?          site.getCompositionPolicy().setBalanceScope(CompositionPolicy.BALANCE_SCOPE_PER_ZONE);
                                                                       ^
  D:\development\PL\plot\src\test\java\com\plot\plugin\earthwork\EarthworkAnalyticalBenchmarkTest.java:178: 璀﹀憡: [deprecation] CompositionPolicy涓殑BALANCE_SCOPE_PER_ZONE宸茶繃鏃?      site.getCompositionPolicy().setBalanceScope(CompositionPolicy.BALANCE_SCOPE_PER_ZONE);
                                                                   ^
  D:\development\PL\plot\src\test\java\com\plot\plugin\earthwork\EarthworkValidatorTest.java:170: 璀﹀憡: [deprecation] CompositionPolicy涓殑BALANCE_SCOPE_SITE_WIDE宸茶繃鏃?          policy.setBalanceScope(CompositionPolicy.BALANCE_SCOPE_SITE_WIDE);
                                                  ^
  D:\development\PL\plot\src\test\java\com\plot\plugin\earthwork\EarthworkValidatorTest.java:171: 璀﹀憡: [deprecation] CompositionPolicy涓殑BALANCE_METHOD_UNIFORM宸茶繃鏃?          policy.setBalanceMethod(CompositionPolicy.BALANCE_METHOD_UNIFORM);
                                                   ^
  D:\development\PL\plot\src\test\java\com\plot\plugin\earthwork\EarthworkValidatorTest.java:171: 璀﹀憡: [deprecation] CompositionPolicy涓殑setBalanceMethod(String)宸茶繃鏃?          policy.setBalanceMethod(CompositionPolicy.BALANCE_METHOD_UNIFORM);
                ^
  D:\development\PL\plot\src\test\java\com\plot\plugin\earthwork\EarthworkValidatorTest.java:193: 璀﹀憡: [deprecation] CompositionPolicy涓殑BALANCE_SCOPE_SITE_WIDE宸茶繃鏃?          policy.setBalanceScope(CompositionPolicy.BALANCE_SCOPE_SITE_WIDE);
                                                  ^
  D:\development\PL\plot\src\test\java\com\plot\plugin\earthwork\EarthworkValidatorTest.java:194: 璀﹀憡: [deprecation] CompositionPolicy涓殑BALANCE_METHOD_EARTHWORK_OPTIMIZATION宸茶繃鏃?          policy.setBalanceMethod(CompositionPolicy.BALANCE_METHOD_EARTHWORK_OPTIMIZATION);
                                                   ^
  D:\development\PL\plot\src\test\java\com\plot\plugin\earthwork\EarthworkValidatorTest.java:194: 璀﹀憡: [deprecation] CompositionPolicy涓殑setBalanceMethod(String)宸茶繃鏃?          policy.setBalanceMethod(CompositionPolicy.BALANCE_METHOD_EARTHWORK_OPTIMIZATION);
                ^
  D:\development\PL\plot\src\test\java\com\plot\plugin\earthwork\model\CompositionPolicyBalanceSemanticsTest.java:37: 璀﹀憡: [deprecation] CompositionPolicy涓殑setBalanceMethod(String)宸茶繃鏃?          policy.setBalanceMethod("UNIFORM_OFFSET");
                ^
  D:\development\PL\plot\src\test\java\com\plot\plugin\earthwork\model\CompositionPolicyBalanceSemanticsTest.java:49: 璀﹀憡: [deprecation] CompositionPolicy涓殑setBalanceMethod(String)宸茶繃鏃?          policy.setBalanceMethod("ZONE_ALLOCATION");
                ^
  D:\development\PL\plot\src\test\java\com\plot\plugin\earthwork\PhaseDCompositionTest.java:81: 璀﹀憡: [deprecation] CompositionPolicy涓殑BALANCE_SCOPE_PER_ZONE宸茶繃鏃?          site.getCompositionPolicy().setBalanceScope(CompositionPolicy.BALANCE_SCOPE_PER_ZONE);
                                                                       ^
  D:\development\PL\plot\src\test\java\com\plot\plugin\earthwork\PhaseDCompositionTest.java:136: 璀﹀憡: [deprecation] CompositionPolicy涓殑BALANCE_SCOPE_PER_ZONE宸茶繃鏃?          policy.setBalanceScope(CompositionPolicy.BALANCE_SCOPE_PER_ZONE);
                                                  ^
  D:\development\PL\plot\src\test\java\com\plot\plugin\earthwork\PhaseDPlusCompositionTest.java:123: 璀﹀憡: [deprecation] CompositionPolicy涓殑BALANCE_SCOPE_PER_ZONE宸茶繃鏃?          site.getCompositionPolicy().setBalanceScope(CompositionPolicy.BALANCE_SCOPE_PER_ZONE);
                                                                       ^
  D:\development\PL\plot\src\test\java\com\plot\plugin\powerline\style\PowerLineStylePresetTest.java:56: 璀﹀憡: [deprecation] PowerLineStylePreset涓殑getConductorLayout()宸茶繃鏃?          assertEquals(PowerLineStylePreset.ConductorLayout.SINGLE, detected.getConductorLayout());
                                                                            ^
  D:\development\PL\plot\src\test\java\com\plot\plugin\powerline\style\PowerLineStylePresetTest.java:63: 璀﹀憡: [deprecation] PowerLineStylePreset涓殑getConductorLayout()宸茶繃鏃?          assertEquals(PowerLineStylePreset.ConductorLayout.THREE_PHASE_HORIZONTAL, preset.getConductorLayout());
                                                                                          ^
  D:\development\PL\plot\src\test\java\com\plot\plugin\powerline\PowerPoleLayoutUtilsTest.java:15: 閿欒: 鎵句笉鍒扮鍙?          List<Vec2d> path = List.of(new Vec2d(0, 0), new Vec2d(100, 0));
               ^
    绗﹀彿:   绫?Vec2d
    浣嶇疆: 绫?PowerPoleLayoutUtilsTest
  D:\development\PL\plot\src\test\java\com\plot\plugin\powerline\PowerPoleLayoutUtilsTest.java:15: 閿欒: 鎵句笉鍒扮鍙?          List<Vec2d> path = List.of(new Vec2d(0, 0), new Vec2d(100, 0));
                                         ^
    绗﹀彿:   绫?Vec2d
    浣嶇疆: 绫?PowerPoleLayoutUtilsTest
  D:\development\PL\plot\src\test\java\com\plot\plugin\powerline\PowerPoleLayoutUtilsTest.java:15: 閿欒: 鎵句笉鍒扮鍙?          List<Vec2d> path = List.of(new Vec2d(0, 0), new Vec2d(100, 0));
                                                          ^
    绗﹀彿:   绫?Vec2d
    浣嶇疆: 绫?PowerPoleLayoutUtilsTest
  D:\development\PL\plot\src\test\java\com\plot\plugin\powerline\PowerPoleLayoutUtilsTest.java:16: 閿欒: 鎵句笉鍒扮鍙?          List<Vec2d> poles = PowerPoleLayoutUtils.computePolePositions(
               ^
    绗﹀彿:   绫?Vec2d
    浣嶇疆: 绫?PowerPoleLayoutUtilsTest
  D:\development\PL\plot\src\test\java\com\plot\plugin\powerline\PowerPoleLayoutUtilsTest.java:31: 閿欒: 鎵句笉鍒扮鍙?          List<Vec2d> path = List.of(
               ^
    绗﹀彿:   绫?Vec2d
    浣嶇疆: 绫?PowerPoleLayoutUtilsTest
  D:\development\PL\plot\src\test\java\com\plot\plugin\powerline\PowerPoleLayoutUtilsTest.java:32: 閿欒: 鎵句笉鍒扮鍙?              new Vec2d(0, 0),
                  ^
    绗﹀彿:   绫?Vec2d
    浣嶇疆: 绫?PowerPoleLayoutUtilsTest
  D:\development\PL\plot\src\test\java\com\plot\plugin\powerline\PowerPoleLayoutUtilsTest.java:33: 閿欒: 鎵句笉鍒扮鍙?              new Vec2d(10, 0),
                  ^
    绗﹀彿:   绫?Vec2d
    浣嶇疆: 绫?PowerPoleLayoutUtilsTest
  D:\development\PL\plot\src\test\java\com\plot\plugin\powerline\PowerPoleLayoutUtilsTest.java:34: 閿欒: 鎵句笉鍒扮鍙?              new Vec2d(10, 10));
                  ^
    绗﹀彿:   绫?Vec2d
    浣嶇疆: 绫?PowerPoleLayoutUtilsTest
  D:\development\PL\plot\src\test\java\com\plot\plugin\powerline\PowerPoleLayoutUtilsTest.java:35: 閿欒: 鎵句笉鍒扮鍙?          List<Vec2d> poles = PowerPoleLayoutUtils.computePolePositions(
               ^
    绗﹀彿:   绫?Vec2d
    浣嶇疆: 绫?PowerPoleLayoutUtilsTest
  D:\development\PL\plot\src\test\java\com\plot\plugin\powerline\PowerPoleLayoutUtilsTest.java:45: 閿欒: 鎵句笉鍒扮鍙?          List<Vec2d> path = List.of(
               ^
    绗﹀彿:   绫?Vec2d
    浣嶇疆: 绫?PowerPoleLayoutUtilsTest
  D:\development\PL\plot\src\test\java\com\plot\plugin\powerline\PowerPoleLayoutUtilsTest.java:46: 閿欒: 鎵句笉鍒扮鍙?              new Vec2d(0, 0),
                  ^
    绗﹀彿:   绫?Vec2d
    浣嶇疆: 绫?PowerPoleLayoutUtilsTest
  D:\development\PL\plot\src\test\java\com\plot\plugin\powerline\PowerPoleLayoutUtilsTest.java:47: 閿欒: 鎵句笉鍒扮鍙?              new Vec2d(5, 0),
                  ^
    绗﹀彿:   绫?Vec2d
    浣嶇疆: 绫?PowerPoleLayoutUtilsTest
  D:\development\PL\plot\src\test\java\com\plot\plugin\powerline\PowerPoleLayoutUtilsTest.java:48: 閿欒: 鎵句笉鍒扮鍙?              new Vec2d(5, 5),
                  ^
    绗﹀彿:   绫?Vec2d
    浣嶇疆: 绫?PowerPoleLayoutUtilsTest
  D:\development\PL\plot\src\test\java\com\plot\plugin\powerline\PowerPoleLayoutUtilsTest.java:49: 閿欒: 鎵句笉鍒扮鍙?              new Vec2d(0, 5));
                  ^
    绗﹀彿:   绫?Vec2d
    浣嶇疆: 绫?PowerPoleLayoutUtilsTest
  D:\development\PL\plot\src\test\java\com\plot\plugin\powerline\PowerPoleLayoutUtilsTest.java:50: 閿欒: 鎵句笉鍒扮鍙?          List<Vec2d> poles = PowerPoleLayoutUtils.computePolePositions(
               ^
    绗﹀彿:   绫?Vec2d
    浣嶇疆: 绫?PowerPoleLayoutUtilsTest
  D:\development\PL\plot\src\test\java\com\plot\plugin\powerline\PowerPoleLayoutUtilsTest.java:59: 閿欒: 鎵句笉鍒扮鍙?          List<Vec2d> path = List.of(
               ^
    绗﹀彿:   绫?Vec2d
    浣嶇疆: 绫?PowerPoleLayoutUtilsTest
  D:\development\PL\plot\src\test\java\com\plot\plugin\powerline\PowerPoleLayoutUtilsTest.java:60: 閿欒: 鎵句笉鍒扮鍙?              new Vec2d(0, 0),
                  ^
    绗﹀彿:   绫?Vec2d
    浣嶇疆: 绫?PowerPoleLayoutUtilsTest
  D:\development\PL\plot\src\test\java\com\plot\plugin\powerline\PowerPoleLayoutUtilsTest.java:61: 閿欒: 鎵句笉鍒扮鍙?              new Vec2d(10, 0),
                  ^
    绗﹀彿:   绫?Vec2d
    浣嶇疆: 绫?PowerPoleLayoutUtilsTest
  D:\development\PL\plot\src\test\java\com\plot\plugin\powerline\PowerPoleLayoutUtilsTest.java:62: 閿欒: 鎵句笉鍒扮鍙?              new Vec2d(10, 10));
                  ^
    绗﹀彿:   绫?Vec2d
    浣嶇疆: 绫?PowerPoleLayoutUtilsTest
  D:\development\PL\plot\src\test\java\com\plot\plugin\powerline\PowerPoleLayoutUtilsTest.java:63: 閿欒: 鎵句笉鍒扮鍙?          List<Vec2d> mandatory = PowerPoleLayoutUtils.mandatoryPolePoints(path, 5.0);
               ^
    绗﹀彿:   绫?Vec2d
    浣嶇疆: 绫?PowerPoleLayoutUtilsTest
  D:\development\PL\plot\src\test\java\com\plot\plugin\powerline\PowerPoleLayoutUtilsTest.java:72: 閿欒: 鎵句笉鍒扮鍙?          List<Vec2d> path = List.of(
               ^
    绗﹀彿:   绫?Vec2d
    浣嶇疆: 绫?PowerPoleLayoutUtilsTest
  D:\development\PL\plot\src\test\java\com\plot\plugin\powerline\PowerPoleLayoutUtilsTest.java:73: 閿欒: 鎵句笉鍒扮鍙?              new Vec2d(0, 0),
                  ^
    绗﹀彿:   绫?Vec2d
    浣嶇疆: 绫?PowerPoleLayoutUtilsTest
  D:\development\PL\plot\src\test\java\com\plot\plugin\powerline\PowerPoleLayoutUtilsTest.java:74: 閿欒: 鎵句笉鍒扮鍙?              new Vec2d(10, 0),
                  ^
    绗﹀彿:   绫?Vec2d
    浣嶇疆: 绫?PowerPoleLayoutUtilsTest
  D:\development\PL\plot\src\test\java\com\plot\plugin\powerline\PowerPoleLayoutUtilsTest.java:75: 閿欒: 鎵句笉鍒扮鍙?              new Vec2d(10, 10));
                  ^
    绗﹀彿:   绫?Vec2d
    浣嶇疆: 绫?PowerPoleLayoutUtilsTest
  D:\development\PL\plot\src\test\java\com\plot\plugin\powerline\PowerPoleLayoutUtilsTest.java:76: 閿欒: 鎵句笉鍒扮鍙?          List<Vec2d> mandatory = PowerPoleLayoutUtils.mandatoryPolePoints(path, 5.0);
               ^
    绗﹀彿:   绫?Vec2d
    浣嶇疆: 绫?PowerPoleLayoutUtilsTest
  D:\development\PL\plot\src\test\java\com\plot\plugin\powerline\PowerPoleLayoutUtilsTest.java:80: 閿欒: 鎵句笉鍒扮鍙?          for (Vec2d point : mandatory) {
               ^
    绗﹀彿:   绫?Vec2d
    浣嶇疆: 绫?PowerPoleLayoutUtilsTest
  26 涓敊璇?
  53 涓鍛?

* Try:
> Check your code and dependencies to fix the compilation error(s)
> Run with --scan to generate a Build Scan (powered by Develocity).

BUILD FAILED in 2s
3 actionable tasks: 1 executed, 2 up-to-date
